C:\Users\benjm\git\codeHistoriesPythonProjects\Pokedex> & C:/Users/benjm/AppData/Local/Programs/Python/Python310/python.exe c:/Users/benjm/git/codeHistories
PythonProjects/Pokedex/pokedex.pyX
X
DevTools listening on ws://127.0.0.1:61358/devtools/browser/66e3762f-68e5-4551-a6af-46a3f083f5a4X
X> c:\users\benjm\git\codehistoriespythonprojects\pokedex\pokedex.py(34)scrape()
-> return poke_dataX
(Pdb)X[10960:33320:0622/221842.042:ERROR:ssl_client_socket_impl.cc(999)] handshake failed; returned -1, SSL error code 1, net_error -101
X[30976:36420:0622/221843.085:ERROR:device_event_log_impl.cc(214)] [22:18:43.086] USB: usb_device_handle_win.cc:1048 Failed to read descriptor from node connect
ion: A device attached to the system is not functioning. (0x1F)X
Xrow
X<selenium.webdriver.remote.webelement.WebElement (session="21bc8d46b30448d497d21d1f12171fd8", element="b584b9a9-77d8-4df2-98ac-be2f89178c23")>
(Pdb)X[30976:39348:0622/221935.979:ERROR:util.cc(127)] Can't create base directory: C:\Program Files\Google\GoogleUpdater
X[21052:1788:0622/222036.787:ERROR:gpu_init.cc(481)] Passthrough is not supported, GL is disabled, ANGLE is 
Xrow.find_element(By.row.find_elements(By.crow.find_elements(By.chrow.find_elements(By.chirow.find_elements(By.chilrow.find_elements(By.childrow.find_elements(By.childsrow.find_elements(By.childs row.find_elements(By.childs =row.find_elements(By.childs = row.find_elements(By.CSS_SELECTOR, "tdchilds = row.find_elements(By.CSS_SELECTO, "td  childs = row.find_elements(By.CSS_SELECT, "td  childs = row.find_elements(By.CSS_SELEC, "td  childs = row.find_elements(By.CSS_SELE, "td  childs = row.find_elements(By.CSS_SEL, "td  childs = row.find_elements(By.CSS_SE, "td  childs = row.find_elements(By.CSS_S, "td  childs = row.find_elements(By.CSS_, "td  childs = row.find_elements(By.CSS, "td  childs = row.find_elements(By.CS, "td  childs = row.find_elements(By.C, "td  childs = row.find_elements(By., "td  childs = row.find_elements(By.T, "tdchilds = row.find_elements(By.TA, "tdchilds = row.find_elements(By.TAG, "tdchilds = row.find_elements(By.TAG_, "tdchilds = row.find_elements(By.TAG_N, "tdchilds = row.find_elements(By.TAG_NA, "tdchilds = row.find_elements(By.TAG_NAM, "tdchilds = row.find_elements(By.TAG_NAME, "td"_ )
X(Pdb) childs[0]
X<selenium.webdriver.remote.webelement.WebElement (session="21bc8d46b30448d497d21d1f12171fd8", element="6700136e-e9e3-4727-aa48-6286ee1178a5")>
(Pdb)Xion: A device attached to the system is not functioning. (0x1F)X
rowX
<selenium.webdriver.remote.webelement.WebElement (session="21bc8d46b30448d497d21d1f12171fd8", element="b584b9a9-77d8-4df2-98ac-be2f89178c23")>X
(Pdb) [30976:39348:0622/221935.979:ERROR:util.cc(127)] Can't create base directory: C:\Program Files\Google\GoogleUpdaterX
[21052:1788:0622/222036.787:ERROR:gpu_init.cc(481)] Passthrough is not supported, GL is disabled, ANGLE isX
childs = row.find_elements(By.TAG_NAME, "td")X
(Pdb) childs[0]X
<selenium.webdriver.remote.webelement.WebElement (session="21bc8d46b30448d497d21d1f12171fd8", element="6700136e-e9e3-4727-aa48-6286ee1178a5")>X
(Pdb)Xion: A device attached to the system is not functioning. (0x1F)X
rowX
<selenium.webdriver.remote.webelement.WebElement (session="21bc8d46b30448d497d21d1f12171fd8", element="b584b9a9-77d8-4df2-98ac-be2f89178c23")>X
(Pdb) [30976:39348:0622/221935.979:ERROR:util.cc(127)] Can't create base directory: C:\Program Files\Google\GoogleUpdaterX
[21052:1788:0622/222036.787:ERROR:gpu_init.cc(481)] Passthrough is not supported, GL is disabled, ANGLE isX
childs = row.find_elements(By.TAG_NAME, "td")X
(Pdb) childs[0]X
<selenium.webdriver.remote.webelement.WebElement (session="21bc8d46b30448d497d21d1f12171fd8", element="6700136e-e9e3-4727-aa48-6286ee1178a5")>X
(Pdb)X(Pdb) [30976:39348:0622/221935.979:ERROR:util.cc(127)] Can't create base directory: C:\Program Fi
les\Google\GoogleUpdaterX
[21052:1788:0622/222036.787:ERROR:gpu_init.cc(481)] Passthrough is not supported, GL is disabled,
 ANGLE isX
childs = row.find_elements(By.TAG_NAME, "td")X
(Pdb) childs[0]X
<selenium.webdriver.remote.webelement.WebElement (session="21bc8d46b30448d497d21d1f12171fd8", ele
ment="6700136e-e9e3-4727-aa48-6286ee1178a5")>X
(Pdb)X(Pdb) [30976:39348:0622/221935.979:ERROR:util.cc(127)] Can't create base directory: C:\Program Fi
les\Google\GoogleUpdaterX
[21052:1788:0622/222036.787:ERROR:gpu_init.cc(481)] Passthrough is not supported, GL is disabled,
 ANGLE isX
childs = row.find_elements(By.TAG_NAME, "td")X
(Pdb) childs[0]X
<selenium.webdriver.remote.webelement.WebElement (session="21bc8d46b30448d497d21d1f12171fd8", ele
ment="6700136e-e9e3-4727-aa48-6286ee1178a5")>X
(Pdb)X(Pdb) [30976:39348:0622/221935.979:ERROR:util.cc(127)] Can't create base directory: C:\Program Files
\Google\GoogleUpdaterX
[21052:1788:0622/222036.787:ERROR:gpu_init.cc(481)] Passthrough is not supported, GL is disabled, AN
GLE isX
childs = row.find_elements(By.TAG_NAME, "td")X
(Pdb) childs[0]X
<selenium.webdriver.remote.webelement.WebElement (session="21bc8d46b30448d497d21d1f12171fd8", elemen
t="6700136e-e9e3-4727-aa48-6286ee1178a5")>X
(Pdb)X(Pdb) [30976:39348:0622/221935.979:ERROR:util.cc(127)] Can't create base directory:
 C:\Program Files\Google\GoogleUpdaterX
[21052:1788:0622/222036.787:ERROR:gpu_init.cc(481)] Passthrough is not supported, G
L is disabled, ANGLE isX
childs = row.find_elements(By.TAG_NAME, "td")X
(Pdb) childs[0]X
<selenium.webdriver.remote.webelement.WebElement (session="21bc8d46b30448d497d21d1f
12171fd8", element="6700136e-e9e3-4727-aa48-6286ee1178a5")>X
(Pdb)X(Pdb) [30976:39348:0622/221935.979:ERROR:util.cc(127)] Can't create base direc
tory: C:\Program Files\Google\GoogleUpdaterX
[21052:1788:0622/222036.787:ERROR:gpu_init.cc(481)] Passthrough is not support
ed, GL is disabled, ANGLE isX
childs = row.find_elements(By.TAG_NAME, "td")X
(Pdb) childs[0]X
<selenium.webdriver.remote.webelement.WebElement (session="21bc8d46b30448d497d
21d1f12171fd8", element="6700136e-e9e3-4727-aa48-6286ee1178a5")>X
(Pdb)X(Pdb) [30976:39348:0622/221935.979:ERROR:util.cc(127)] Can't create base directory
: C:\Program Files\Google\GoogleUpdaterX
[21052:1788:0622/222036.787:ERROR:gpu_init.cc(481)] Passthrough is not supported, 
GL is disabled, ANGLE isX
childs = row.find_elements(By.TAG_NAME, "td")X
(Pdb) childs[0]X
<selenium.webdriver.remote.webelement.WebElement (session="21bc8d46b30448d497d21d1
f12171fd8", element="6700136e-e9e3-4727-aa48-6286ee1178a5")>X
(Pdb)X(Pdb) [30976:39348:0622/221935.979:ERROR:util.cc(127)] Can't create base directory: 
C:\Program Files\Google\GoogleUpdaterX
[21052:1788:0622/222036.787:ERROR:gpu_init.cc(481)] Passthrough is not supported, GL
 is disabled, ANGLE isX
childs = row.find_elements(By.TAG_NAME, "td")X
(Pdb) childs[0]X
<selenium.webdriver.remote.webelement.WebElement (session="21bc8d46b30448d497d21d1f1
2171fd8", element="6700136e-e9e3-4727-aa48-6286ee1178a5")>X
(Pdb)Xchilds[0].find_element(By.TAG)N  _NAME, "span").text
X''
X(Pdb) childs[0].find_element(By.TAG_NAME, "span").textchilds[0].find_elements(By.TAG_NAME, "span").textchilds[0].find_elements(By.TAG_NAME, "span")[.textchilds[0].find_elements(By.TAG_NAME, "span")[1.textchilds[0].find_elements(By.TAG_NAME, "span")[1].textchilds[0].find_elements(By.TAG_NAME, "span")[1].text 
X'003'
X(Pdb) quit()
XTraceback (most recent call last):
  File "c:\Users\benjm\git\codeHistoriesPythonProjects\Pokedex\pokedex.py", line 71,
 in <module>X
    main()X
  File "c:\Users\benjm\git\codeHistoriesPythonProjects\Pokedex\pokedex.py", line 59,
 in mainX
    scrape(3)X
  File "c:\Users\benjm\git\codeHistoriesPythonProjects\Pokedex\pokedex.py", line 34,
 in scrapeX
    return poke_dataX
  File "c:\Users\benjm\git\codeHistoriesPythonProjects\Pokedex\pokedex.py", line 34,
 in scrapeX
    return poke_dataX
  File "C:\Users\benjm\AppData\Local\Programs\Python\Python310\lib\bdb.py", line 90,
 in trace_dispatchX
    return self.dispatch_line(frame)X
  File "C:\Users\benjm\AppData\Local\Programs\Python\Python310\lib\bdb.py", line 115
, in dispatch_lineX
    if self.quitting: raise BdbQuitX
bdb.BdbQuitX
X    return poke_dataX
  File "C:\Users\benjm\AppData\Local\Programs\Python\Python310\lib\bdb.py", line 90,
 in trace_dispatchX
    return self.dispatch_line(frame)X
  File "C:\Users\benjm\AppData\Local\Programs\Python\Python310\lib\bdb.py", line 115
, in dispatch_lineX
    if self.quitting: raise BdbQuitX
bdb.BdbQuitX
XPS 